BL51 BANKED LINKER/LOCATER V6.22                                                        10/11/2019  21:34:14  PAGE 1


BL51 BANKED LINKER/LOCATER V6.22, INVOKED BY:
C:\KEIL_V5\C51\BIN\BL51.EXE .\Objects\STARTUP.obj, .\Objects\main.obj TO .\Objects\lcos PRINT (.\Listings\lcos.m51) RAMS
>> IZE (256)


MEMORY MODEL: SMALL


INPUT MODULES INCLUDED:
  .\Objects\STARTUP.obj (?C_STARTUP)
  .\Objects\main.obj (MAIN)


LINK MAP OF MODULE:  .\Objects\lcos (?C_STARTUP)


            TYPE    BASE      LENGTH    RELOCATION   SEGMENT NAME
            -----------------------------------------------------

            * * * * * * *   D A T A   M E M O R Y   * * * * * * *
            REG     0000H     0008H     ABSOLUTE     "REG BANK 0"
            DATA    0008H     0005H     UNIT         _DATA_GROUP_
            DATA    000DH     0001H     UNIT         ?DT?MAIN
            IDATA   000EH     0001H     UNIT         ?STACK

            * * * * * * *   C O D E   M E M O R Y   * * * * * * *
            CODE    0000H     0003H     ABSOLUTE     
            CODE    0003H     00F3H     UNIT         ?PR?_IIC_READ_BYTE?MAIN
            CODE    00F6H     00C6H     UNIT         ?PR?_IIC_WRITE_BYTE?MAIN
            CODE    01BCH     0098H     UNIT         ?PR?_SPI_SEND_BYTE?MAIN
            CODE    0254H     0069H     UNIT         ?PR?MAIN?MAIN
            CODE    02BDH     0069H     UNIT         ?PR?INIT_SYS?MAIN
            CODE    0326H     0046H     UNIT         ?PR?FLCOS_SEND?MAIN
            CODE    036CH     002AH     UNIT         ?PR?_DELAY_10US?MAIN
            CODE    0396H     0022H     UNIT         ?PR?_IIC_WRITE_CHECK?MAIN
            CODE    03B8H     001FH     UNIT         ?PR?_DELAY_MS?MAIN
            CODE    03D7H     001DH     UNIT         ?PR?IIC_START?MAIN
            CODE    03F4H     0010H     UNIT         ?PR?IIC_STOP?MAIN
            CODE    0404H     000CH     UNIT         ?C_C51STARTUP



OVERLAY MAP OF MODULE:   .\Objects\lcos (?C_STARTUP)


SEGMENT                             DATA_GROUP 
  +--> CALLED SEGMENT             START    LENGTH
-------------------------------------------------
?C_C51STARTUP                     -----    -----
  +--> ?PR?MAIN?MAIN

?PR?MAIN?MAIN                     0008H    0001H
  +--> ?PR?INIT_SYS?MAIN
  +--> ?PR?_DELAY_MS?MAIN
  +--> ?PR?FLCOS_SEND?MAIN
  +--> ?PR?_IIC_READ_BYTE?MAIN
  +--> ?PR?_IIC_WRITE_BYTE?MAIN

BL51 BANKED LINKER/LOCATER V6.22                                                      10/11/2019  21:34:14  PAGE 2


?PR?INIT_SYS?MAIN                 -----    -----
  +--> ?PR?_DELAY_MS?MAIN
  +--> ?PR?_IIC_WRITE_CHECK?MAIN

?PR?_IIC_WRITE_CHECK?MAIN         0009H    0003H
  +--> ?PR?_IIC_WRITE_BYTE?MAIN
  +--> ?PR?_DELAY_MS?MAIN
  +--> ?PR?_IIC_READ_BYTE?MAIN

?PR?_IIC_WRITE_BYTE?MAIN          000CH    0001H
  +--> ?PR?IIC_START?MAIN
  +--> ?PR?_DELAY_10US?MAIN
  +--> ?PR?IIC_STOP?MAIN

?PR?IIC_START?MAIN                -----    -----
  +--> ?PR?_DELAY_10US?MAIN

?PR?IIC_STOP?MAIN                 -----    -----
  +--> ?PR?_DELAY_10US?MAIN

?PR?_IIC_READ_BYTE?MAIN           -----    -----
  +--> ?PR?IIC_START?MAIN
  +--> ?PR?_DELAY_10US?MAIN
  +--> ?PR?IIC_STOP?MAIN

?PR?FLCOS_SEND?MAIN               -----    -----
  +--> ?PR?_SPI_SEND_BYTE?MAIN

?PR?_SPI_SEND_BYTE?MAIN           0009H    0004H
  +--> ?PR?_DELAY_10US?MAIN



SYMBOL TABLE OF MODULE:  .\Objects\lcos (?C_STARTUP)

  VALUE           TYPE          NAME
  ----------------------------------

  -------         MODULE        ?C_STARTUP
  C:0404H         SEGMENT       ?C_C51STARTUP
  I:000EH         SEGMENT       ?STACK
  C:0000H         PUBLIC        ?C_STARTUP
  D:00E0H         SYMBOL        ACC
  D:00F0H         SYMBOL        B
  D:0083H         SYMBOL        DPH
  D:0082H         SYMBOL        DPL
  N:0000H         SYMBOL        IBPSTACK
  N:0100H         SYMBOL        IBPSTACKTOP
  N:0080H         SYMBOL        IDATALEN
  C:0407H         SYMBOL        IDATALOOP
  N:0000H         SYMBOL        PBPSTACK
  N:0100H         SYMBOL        PBPSTACKTOP
  N:0000H         SYMBOL        PDATALEN
  N:0000H         SYMBOL        PDATASTART
  N:0000H         SYMBOL        PPAGE
  N:0000H         SYMBOL        PPAGEENABLE
  D:00A0H         SYMBOL        PPAGE_SFR
BL51 BANKED LINKER/LOCATER V6.22                                                      10/11/2019  21:34:14  PAGE 3


  D:0081H         SYMBOL        SP
  C:0404H         SYMBOL        STARTUP1
  N:0000H         SYMBOL        XBPSTACK
  N:0000H         SYMBOL        XBPSTACKTOP
  N:0000H         SYMBOL        XDATALEN
  N:0000H         SYMBOL        XDATASTART
  C:0000H         LINE#         126
  C:0404H         LINE#         133
  C:0406H         LINE#         134
  C:0407H         LINE#         135
  C:0408H         LINE#         136
  C:040AH         LINE#         185
  C:040DH         LINE#         196
  -------         ENDMOD        ?C_STARTUP

  -------         MODULE        MAIN
  C:0000H         SYMBOL        _ICE_DUMMY_
  D:0090H         PUBLIC        P1
  D:00B0H         PUBLIC        P3
  B:00B0H.7       PUBLIC        FLCOS_SDAT
  B:0090H.0       PUBLIC        FLCOS_SCLK
  B:0090H.5       PUBLIC        TVP_RESETB
  C:0254H         PUBLIC        main
  C:0326H         PUBLIC        flcos_send
  C:0396H         PUBLIC        _iic_write_check
  B:00B0H.0       PUBLIC        BL_D
  B:00B0H.3       PUBLIC        TVP_SDA
  C:038BH         PUBLIC        _delay_10us
  D:000DH         PUBLIC        buf
  B:00B0H.4       PUBLIC        TVP_SCL
  B:0090H.6       PUBLIC        TVP_PDN
  B:0090H.1       PUBLIC        FLCOS_SEN
  B:0090H.2       PUBLIC        FLCOS_nRST
  B:00B0H.1       PUBLIC        BL_U
  C:03DFH         PUBLIC        iic_start
  C:0003H         PUBLIC        _iic_read_byte
  C:03BCH         PUBLIC        _delay_ms
  C:00F6H         PUBLIC        _iic_write_byte
  C:03F4H         PUBLIC        iic_stop
  C:01BCH         PUBLIC        _spi_send_byte
  C:02BDH         PUBLIC        init_sys
  -------         PROC          MAIN
  -------         DO            
  D:0008H         SYMBOL        val
  -------         ENDDO         
  C:0254H         LINE#         37
  C:0254H         LINE#         38
  C:0254H         LINE#         40
  C:0257H         LINE#         41
  C:0257H         LINE#         42
  C:0257H         LINE#         44
  C:025AH         LINE#         45
  C:025DH         LINE#         47
  C:0260H         LINE#         48
  C:0263H         LINE#         49
  C:0263H         LINE#         50
  C:026CH         LINE#         51
BL51 BANKED LINKER/LOCATER V6.22                                                      10/11/2019  21:34:14  PAGE 4


  C:027EH         LINE#         52
  C:027EH         LINE#         53
  C:0281H         LINE#         54
  C:0283H         LINE#         56
  C:0283H         LINE#         57
  C:0289H         LINE#         58
  C:0289H         LINE#         59
  C:0289H         LINE#         60
  C:028BH         LINE#         62
  C:028BH         LINE#         63
  C:028EH         LINE#         64
  C:028EH         LINE#         65
  C:0297H         LINE#         66
  C:02A4H         LINE#         67
  C:02A4H         LINE#         68
  C:02A7H         LINE#         69
  C:02A9H         LINE#         71
  C:02A9H         LINE#         72
  C:02AFH         LINE#         73
  C:02AFH         LINE#         74
  C:02B8H         LINE#         75
  C:02B8H         LINE#         76
  C:02B8H         LINE#         77
  C:02BBH         LINE#         78
  -------         ENDPROC       MAIN
  -------         PROC          INIT_SYS
  C:02BDH         LINE#         82
  C:02BDH         LINE#         83
  C:02BDH         LINE#         85
  C:02BFH         LINE#         86
  C:02C1H         LINE#         87
  C:02C3H         LINE#         88
  C:02C5H         LINE#         89
  C:02C7H         LINE#         90
  C:02C9H         LINE#         91
  C:02CBH         LINE#         92
  C:02CDH         LINE#         93
  C:02CFH         LINE#         94
  C:02D1H         LINE#         95
  C:02D4H         LINE#         96
  C:02D6H         LINE#         97
  C:02D9H         LINE#         98
  C:02DBH         LINE#         99
  C:02E2H         LINE#         101
  C:02EBH         LINE#         102
  C:02F4H         LINE#         103
  C:02FDH         LINE#         104
  C:0306H         LINE#         105
  C:030FH         LINE#         106
  C:0318H         LINE#         109
  C:031AH         LINE#         110
  C:031DH         LINE#         111
  C:031FH         LINE#         112
  -------         ENDPROC       INIT_SYS
  -------         PROC          _SPI_SEND_BYTE
  D:0009H         SYMBOL        addr
  D:000AH         SYMBOL        val
BL51 BANKED LINKER/LOCATER V6.22                                                      10/11/2019  21:34:14  PAGE 5


  -------         DO            
  D:000BH         SYMBOL        index
  -------         ENDDO         
  C:01BCH         LINE#         116
  C:01C0H         LINE#         117
  C:01C0H         LINE#         119
  C:01C2H         LINE#         120
  C:01C9H         LINE#         122
  C:01CFH         LINE#         123
  C:01CFH         LINE#         124
  C:01DFH         LINE#         125
  C:01DFH         LINE#         126
  C:01E1H         LINE#         127
  C:01E3H         LINE#         129
  C:01E3H         LINE#         130
  C:01E5H         LINE#         131
  C:01E5H         LINE#         132
  C:01E8H         LINE#         133
  C:01EAH         LINE#         134
  C:01EDH         LINE#         135
  C:01EFH         LINE#         136
  C:01F2H         LINE#         137
  C:0203H         LINE#         139
  C:020AH         LINE#         141
  C:0210H         LINE#         142
  C:0210H         LINE#         143
  C:0220H         LINE#         144
  C:0220H         LINE#         145
  C:0222H         LINE#         146
  C:0224H         LINE#         148
  C:0224H         LINE#         149
  C:0226H         LINE#         150
  C:0226H         LINE#         151
  C:0229H         LINE#         152
  C:022BH         LINE#         153
  C:022EH         LINE#         154
  C:0230H         LINE#         155
  C:0233H         LINE#         156
  C:0244H         LINE#         158
  C:024BH         LINE#         159
  C:024DH         LINE#         160
  -------         ENDPROC       _SPI_SEND_BYTE
  -------         PROC          FLCOS_SEND
  C:0326H         LINE#         163
  C:0326H         LINE#         164
  C:0326H         LINE#         165
  C:032DH         LINE#         166
  C:0334H         LINE#         167
  C:033BH         LINE#         168
  C:0342H         LINE#         169
  C:0349H         LINE#         170
  C:0350H         LINE#         171
  C:0357H         LINE#         172
  C:035EH         LINE#         173
  C:0365H         LINE#         174
  -------         ENDPROC       FLCOS_SEND
  C:03B8H         SYMBOL        L?0122
BL51 BANKED LINKER/LOCATER V6.22                                                      10/11/2019  21:34:14  PAGE 6


  -------         PROC          L?0121
  -------         ENDPROC       L?0121
  C:03B8H         SYMBOL        L?0122
  -------         PROC          _DELAY_MS
  D:0006H         SYMBOL        times
  -------         DO            
  D:0004H         SYMBOL        count
  -------         ENDDO         
  C:03BCH         LINE#         178
  C:03BCH         LINE#         179
  C:03BCH         LINE#         181
  C:03C6H         LINE#         182
  C:03C6H         LINE#         183
  C:03CAH         LINE#         184
  C:03D6H         LINE#         186
  -------         ENDPROC       _DELAY_MS
  C:036CH         SYMBOL        L?0118
  C:037EH         SYMBOL        L?0119
  C:0387H         SYMBOL        L?0120
  -------         PROC          L?0117
  -------         ENDPROC       L?0117
  C:036CH         SYMBOL        L?0118
  C:037EH         SYMBOL        L?0119
  C:0387H         SYMBOL        L?0120
  -------         PROC          _DELAY_10US
  D:0006H         SYMBOL        times
  C:038BH         LINE#         189
  C:038BH         LINE#         190
  C:038BH         LINE#         191
  C:0395H         LINE#         192
  -------         ENDPROC       _DELAY_10US
  -------         PROC          L?0123
  -------         ENDPROC       L?0123
  -------         PROC          IIC_START
  C:03DFH         LINE#         196
  C:03DFH         LINE#         197
  C:03DFH         LINE#         198
  C:03E1H         LINE#         199
  C:03E3H         LINE#         200
  C:03E6H         LINE#         202
  C:03E8H         LINE#         203
  C:03EBH         LINE#         204
  C:03EDH         LINE#         205
  -------         ENDPROC       IIC_START
  -------         PROC          IIC_STOP
  C:03F4H         LINE#         208
  C:03F4H         LINE#         209
  C:03F4H         LINE#         210
  C:03F6H         LINE#         211
  C:03F8H         LINE#         212
  C:03FBH         LINE#         213
  C:03FDH         LINE#         214
  -------         ENDPROC       IIC_STOP
  -------         PROC          _IIC_READ_BYTE
  D:0001H         SYMBOL        addr
  D:0005H         SYMBOL        reg
  -------         DO            
BL51 BANKED LINKER/LOCATER V6.22                                                      10/11/2019  21:34:14  PAGE 7


  D:0002H         SYMBOL        i
  D:0005H         SYMBOL        ret
  -------         ENDDO         
  C:0003H         LINE#         217
  C:0003H         LINE#         218
  C:0003H         LINE#         222
  C:0003H         LINE#         223
  C:0003H         LINE#         224
  C:0003H         LINE#         226
  C:0006H         LINE#         228
  C:000AH         LINE#         229
  C:000AH         LINE#         230
  C:0019H         LINE#         231
  C:0019H         LINE#         232
  C:001BH         LINE#         233
  C:001DH         LINE#         235
  C:001DH         LINE#         236
  C:001FH         LINE#         237
  C:001FH         LINE#         238
  C:001FH         LINE#         239
  C:001FH         LINE#         240
  C:0022H         LINE#         241
  C:0024H         LINE#         242
  C:0027H         LINE#         243
  C:0029H         LINE#         244
  C:002BH         LINE#         245
  C:002EH         LINE#         246
  C:0039H         LINE#         248
  C:003CH         LINE#         249
  C:003CH         LINE#         250
  C:003CH         LINE#         251
  C:003CH         LINE#         252
  C:003CH         LINE#         253
  C:003CH         LINE#         254
  C:003CH         LINE#         255
  C:003FH         LINE#         257
  C:0043H         LINE#         258
  C:0043H         LINE#         259
  C:0052H         LINE#         260
  C:0052H         LINE#         261
  C:0054H         LINE#         262
  C:0056H         LINE#         264
  C:0056H         LINE#         265
  C:0058H         LINE#         266
  C:0058H         LINE#         267
  C:0058H         LINE#         268
  C:0058H         LINE#         269
  C:005BH         LINE#         270
  C:005DH         LINE#         271
  C:0060H         LINE#         272
  C:0062H         LINE#         273
  C:0064H         LINE#         274
  C:0067H         LINE#         275
  C:0072H         LINE#         277
  C:0075H         LINE#         278
  C:0075H         LINE#         279
  C:0075H         LINE#         280
BL51 BANKED LINKER/LOCATER V6.22                                                      10/11/2019  21:34:14  PAGE 8


  C:0075H         LINE#         281
  C:0075H         LINE#         282
  C:0075H         LINE#         283
  C:0075H         LINE#         284
  C:0078H         LINE#         287
  C:007BH         LINE#         288
  C:007EH         LINE#         289
  C:0081H         LINE#         291
  C:0084H         LINE#         293
  C:0088H         LINE#         294
  C:0088H         LINE#         295
  C:0097H         LINE#         296
  C:0097H         LINE#         297
  C:0099H         LINE#         298
  C:009BH         LINE#         300
  C:009BH         LINE#         301
  C:009DH         LINE#         302
  C:009DH         LINE#         303
  C:009DH         LINE#         304
  C:009DH         LINE#         305
  C:00A0H         LINE#         306
  C:00A2H         LINE#         307
  C:00A5H         LINE#         308
  C:00A7H         LINE#         309
  C:00A9H         LINE#         310
  C:00ACH         LINE#         311
  C:00B7H         LINE#         313
  C:00BAH         LINE#         314
  C:00BAH         LINE#         315
  C:00BAH         LINE#         316
  C:00BDH         LINE#         317
  C:00BFH         LINE#         318
  C:00C2H         LINE#         319
  C:00C4H         LINE#         320
  C:00CBH         LINE#         322
  C:00CDH         LINE#         323
  C:00D0H         LINE#         324
  C:00D0H         LINE#         325
  C:00D0H         LINE#         326
  C:00D0H         LINE#         327
  C:00D3H         LINE#         328
  C:00D5H         LINE#         329
  C:00D8H         LINE#         330
  C:00DCH         LINE#         331
  C:00DFH         LINE#         332
  C:00DFH         LINE#         333
  C:00E2H         LINE#         334
  C:00E2H         LINE#         335
  C:00EDH         LINE#         337
  C:00EDH         LINE#         338
  C:00EDH         LINE#         339
  C:00EDH         LINE#         340
  C:00EDH         LINE#         341
  C:00EDH         LINE#         342
  C:00EDH         LINE#         343
  C:00F0H         LINE#         345
  C:00F3H         LINE#         347
BL51 BANKED LINKER/LOCATER V6.22                                                      10/11/2019  21:34:14  PAGE 9


  C:00F5H         LINE#         348
  -------         ENDPROC       _IIC_READ_BYTE
  -------         PROC          _IIC_WRITE_BYTE
  D:0001H         SYMBOL        addr
  D:000CH         SYMBOL        reg
  D:0003H         SYMBOL        val
  -------         DO            
  D:0082H         SYMBOL        i
  -------         ENDDO         
  C:00F6H         LINE#         350
  C:00F8H         LINE#         351
  C:00F8H         LINE#         354
  C:00F8H         LINE#         355
  C:00F8H         LINE#         356
  C:00F8H         LINE#         358
  C:00FBH         LINE#         360
  C:00FEH         LINE#         361
  C:00FEH         LINE#         362
  C:010DH         LINE#         363
  C:010DH         LINE#         364
  C:010FH         LINE#         365
  C:0111H         LINE#         367
  C:0111H         LINE#         368
  C:0113H         LINE#         369
  C:0113H         LINE#         370
  C:0113H         LINE#         371
  C:0113H         LINE#         372
  C:0116H         LINE#         373
  C:0118H         LINE#         374
  C:011BH         LINE#         375
  C:011DH         LINE#         376
  C:011FH         LINE#         377
  C:0122H         LINE#         378
  C:0134H         LINE#         380
  C:0137H         LINE#         381
  C:0137H         LINE#         382
  C:0137H         LINE#         383
  C:0137H         LINE#         384
  C:0137H         LINE#         385
  C:0137H         LINE#         386
  C:0137H         LINE#         387
  C:013AH         LINE#         389
  C:013DH         LINE#         390
  C:013DH         LINE#         391
  C:014DH         LINE#         392
  C:014DH         LINE#         393
  C:014FH         LINE#         394
  C:0151H         LINE#         396
  C:0151H         LINE#         397
  C:0153H         LINE#         398
  C:0153H         LINE#         399
  C:0153H         LINE#         400
  C:0153H         LINE#         401
  C:0156H         LINE#         402
  C:0158H         LINE#         403
  C:015BH         LINE#         404
  C:015DH         LINE#         405
BL51 BANKED LINKER/LOCATER V6.22                                                      10/11/2019  21:34:14  PAGE 10


  C:015FH         LINE#         406
  C:0162H         LINE#         407
  C:0174H         LINE#         409
  C:0177H         LINE#         410
  C:0177H         LINE#         411
  C:0177H         LINE#         412
  C:0177H         LINE#         413
  C:0177H         LINE#         414
  C:0177H         LINE#         415
  C:0177H         LINE#         416
  C:017AH         LINE#         418
  C:017DH         LINE#         419
  C:017DH         LINE#         420
  C:018CH         LINE#         421
  C:018CH         LINE#         422
  C:018EH         LINE#         423
  C:0190H         LINE#         425
  C:0190H         LINE#         426
  C:0192H         LINE#         427
  C:0192H         LINE#         428
  C:0192H         LINE#         429
  C:0192H         LINE#         430
  C:0195H         LINE#         431
  C:0197H         LINE#         432
  C:019AH         LINE#         433
  C:019CH         LINE#         434
  C:019EH         LINE#         435
  C:01A1H         LINE#         436
  C:01B3H         LINE#         438
  C:01B6H         LINE#         439
  C:01B6H         LINE#         440
  C:01B6H         LINE#         441
  C:01B6H         LINE#         442
  C:01B6H         LINE#         443
  C:01B6H         LINE#         444
  C:01B6H         LINE#         445
  C:01B9H         LINE#         447
  -------         ENDPROC       _IIC_WRITE_BYTE
  -------         PROC          _IIC_WRITE_CHECK
  D:0009H         SYMBOL        addr
  D:000AH         SYMBOL        reg
  D:000BH         SYMBOL        val
  C:0396H         LINE#         450
  C:039CH         LINE#         451
  C:039CH         LINE#         452
  C:039FH         LINE#         453
  C:03A6H         LINE#         454
  C:03B2H         LINE#         455
  C:03B2H         LINE#         457
  C:03B5H         LINE#         458
  C:03B5H         LINE#         460
  C:03B5H         LINE#         462
  C:03B5H         LINE#         463
  C:03B7H         LINE#         464
  -------         ENDPROC       _IIC_WRITE_CHECK
  -------         ENDMOD        MAIN

BL51 BANKED LINKER/LOCATER V6.22                                                      10/11/2019  21:34:14  PAGE 11


Program Size: data=15.0 xdata=0 code=1040
LINK/LOCATE RUN COMPLETE.  0 WARNING(S),  0 ERROR(S)
